[INFO] 5-20-2026 - 09:48:25 - test
[ERROR] 5-20-2026 - 09:48:25 - { test: 'test' }
[INFO] 5-20-2026 - 09:49:36 - test
[ERROR] 5-20-2026 - 09:49:36 - { test: 'test' }
[ERROR] 5-20-2026 - 09:54:55 - { test: 'test' }
[INFO] 5-20-2026 - 09:54:55 - test
[ERROR] 5-20-2026 - 09:55:14 - { test: 'test' }
[INFO] 5-20-2026 - 09:55:14 - test
[ERROR] 5-20-2026 - 09:55:56 - { test: 'test' }
[INFO] 5-20-2026 - 09:55:56 - test
[ERROR] 5-20-2026 - 09:57:04 - { test: 'test' }
[INFO] 5-20-2026 - 09:57:04 - test
[ERROR] 5-20-2026 - 09:57:04 - LiteLogger {
  directory: 'D:\\Dan Projects\\lib\\LiteLogger',
  folderName: 'logs',
  logName: 'Log',
  path: 'D:\\Dan Projects\\lib\\LiteLogger/logs',
  preserveCount: 0
}
[ERROR] 5-20-2026 - 10:02:59 - { test: 'test' }
[INFO] 5-20-2026 - 10:02:59 - test
[ERROR] 5-20-2026 - 10:02:59 - LiteLogger {
  directory: 'D:\\Dan Projects\\lib\\LiteLogger',
  folderName: 'logs',
  logName: 'Log',
  path: 'D:\\Dan Projects\\lib\\LiteLogger/logs',
  preserveCount: 0,
  cleanInterval: Timeout {
    _idleTimeout: 3600000,
    _idlePrev: [TimersList],
    _idleNext: [TimersList],
    _idleStart: 43,
    _onTimeout: [Function: clean],
    _timerArgs: undefined,
    _repeat: 3600000,
    _destroyed: false,
    [Symbol(refed)]: true,
    [Symbol(kHasPrimitive)]: false,
    [Symbol(asyncId)]: 5,
    [Symbol(triggerId)]: 0,
    [Symbol(kAsyncContextFrame)]: undefined
  }
}
